2026-05-05 03:41:18.972 [main] INFO  Connecting.ConnectionAcceptor - Сервер запущен на порту 6789
2026-05-05 03:41:18.974 [main] INFO  Connecting.ConnectionAcceptor - Ожидание клиента...
2026-05-05 03:41:20.723 [main] INFO  Connecting.ConnectionAcceptor - Подключен: /127.0.0.1
2026-05-05 03:41:32.874 [main] INFO  Connecting.RequestReader - Получено: Requester{command='add', args=LabWork{id=1, name='2', coordinates=2;2, creationDate=2026-05-05, minimalPoint=2.0, difficulty=EASY, author: name = 2;weight = 2.0;BLACK}, objectClass=class Collection.LabWork}
2026-05-05 03:41:55.976 [main] INFO  Connecting.RequestReader - Получено: Requester{command='show', args=null, objectClass=null}
2026-05-05 03:42:05.998 [main] ERROR Connecting.ConnectManager - Клиент отключился или ошибка null
2026-05-05 03:42:05.999 [main] INFO  Connecting.ConnectionAcceptor - Ожидание клиента...
2026-05-05 14:35:21.329 [Server-Console-Thread] INFO  tools.Consol - Серверная консоль активна. Доступные команды: save, exit
2026-05-05 14:35:21.329 [main] INFO  Connecting.ConnectionAcceptor - Сервер запущен на порту 6789
2026-05-05 14:35:21.331 [main] INFO  Connecting.ConnectionAcceptor - Ожидание клиента...
2026-05-05 14:35:31.649 [main] INFO  Connecting.ConnectionAcceptor - Подключен: /127.0.0.1
2026-05-05 14:38:17.518 [main] INFO  Connecting.RequestReader - Получено: Requester{command='show', args=null, objectClass=null}
2026-05-05 14:38:20.684 [main] ERROR Connecting.ConnectManager - Клиент отключился или ошибка null
2026-05-05 14:38:20.685 [main] INFO  Connecting.ConnectionAcceptor - Ожидание клиента...
2026-05-05 14:44:44.386 [main] INFO  Connecting.ConnectionAcceptor - Подключен: /127.0.0.1
2026-05-05 14:45:02.015 [main] INFO  Connecting.RequestReader - Получено: Requester{command='add', args=LabWork{id=1, name='2', coordinates=2;2, creationDate=2026-05-05, minimalPoint=2.0, difficulty=EASY, author: name = 2;weight = 2.0;RED}, objectClass=class Collection.LabWork}
2026-05-05 14:45:05.923 [main] INFO  Connecting.RequestReader - Получено: Requester{command='show', args=null, objectClass=null}
2026-05-05 14:47:21.542 [main] INFO  Connecting.RequestReader - Получено: Requester{command='add', args=LabWork{id=1, name='6', coordinates=8;2, creationDate=2026-05-05, minimalPoint=5.0, difficulty=NORMAL, author: name = 32;weight = 7.0;YELLOW}, objectClass=class Collection.LabWork}
2026-05-05 14:47:23.515 [main] INFO  Connecting.RequestReader - Получено: Requester{command='show', args=null, objectClass=null}
2026-05-05 14:47:27.481 [main] INFO  Connecting.RequestReader - Получено: Requester{command='remove', args=2, objectClass=class java.lang.Integer}
2026-05-05 14:47:29.720 [main] INFO  Connecting.RequestReader - Получено: Requester{command='show', args=null, objectClass=null}
2026-05-05 14:47:34.325 [main] INFO  Connecting.RequestReader - Получено: Requester{command='add', args=LabWork{id=1, name='2', coordinates=2;2, creationDate=2026-05-05, minimalPoint=100.0, difficulty=EASY, author: name = 2;weight = 2.0;RED}, objectClass=class Collection.LabWork}
2026-05-05 14:47:34.327 [main] INFO  Connecting.RequestReader - Получено: Requester{command='show', args=null, objectClass=null}
2026-05-05 14:47:34.370 [main] INFO  Connecting.RequestReader - Получено: Requester{command='add', args=LabWork{id=1, name='3', coordinates=3;3, creationDate=2026-05-05, minimalPoint=20.0, difficulty=EASY, author: name = 3;weight = 3.0;BLACK}, objectClass=class Collection.LabWork}
2026-05-05 14:47:56.494 [main] INFO  Connecting.RequestReader - Получено: Requester{command='show', args=null, objectClass=null}
2026-05-05 14:48:01.372 [main] INFO  Connecting.RequestReader - Получено: Requester{command='remove', args=4, objectClass=class java.lang.Integer}
2026-05-05 14:48:03.392 [main] INFO  Connecting.RequestReader - Получено: Requester{command='clear', args=null, objectClass=null}
2026-05-05 14:48:10.304 [main] INFO  Connecting.RequestReader - Получено: Requester{command='add', args=LabWork{id=1, name='2', coordinates=2;2, creationDate=2026-05-05, minimalPoint=100.0, difficulty=EASY, author: name = 2;weight = 2.0;RED}, objectClass=class Collection.LabWork}
2026-05-05 14:48:10.305 [main] INFO  Connecting.RequestReader - Получено: Requester{command='show', args=null, objectClass=null}
2026-05-05 14:48:10.347 [main] INFO  Connecting.RequestReader - Получено: Requester{command='add', args=LabWork{id=1, name='3', coordinates=3;3, creationDate=2026-05-05, minimalPoint=20.0, difficulty=EASY, author: name = 3;weight = 3.0;BLACK}, objectClass=class Collection.LabWork}
2026-05-05 14:50:12.287 [main] INFO  Connecting.ConnectionAcceptor - Сервер запущен на порту 6789
2026-05-05 14:50:12.287 [Server-Console-Thread] INFO  tools.Consol - Серверная консоль активна. Доступные команды: save, exit
2026-05-05 14:50:12.292 [main] INFO  Connecting.ConnectionAcceptor - Ожидание клиента...
2026-05-05 14:50:13.894 [main] INFO  Connecting.ConnectionAcceptor - Подключен: /127.0.0.1
2026-05-05 14:50:20.272 [main] INFO  Connecting.RequestReader - Получено: Requester{command='show', args=null, objectClass=null}
2026-05-05 14:50:23.683 [main] ERROR Connecting.ConnectManager - Клиент отключился или ошибка null
2026-05-05 14:50:23.685 [main] INFO  Connecting.ConnectionAcceptor - Ожидание клиента...
2026-05-05 14:50:28.006 [main] INFO  Connecting.ConnectionAcceptor - Подключен: /127.0.0.1
2026-05-05 14:50:31.841 [main] INFO  Connecting.RequestReader - Получено: Requester{command='show', args=null, objectClass=null}
2026-05-05 14:50:35.372 [main] INFO  Connecting.RequestReader - Получено: Requester{command='add', args=LabWork{id=1, name='2', coordinates=2;2, creationDate=2026-05-05, minimalPoint=100.0, difficulty=EASY, author: name = 2;weight = 2.0;RED}, objectClass=class Collection.LabWork}
2026-05-05 14:50:35.374 [main] INFO  Connecting.RequestReader - Получено: Requester{command='show', args=null, objectClass=null}
2026-05-05 14:50:35.419 [main] INFO  Connecting.RequestReader - Получено: Requester{command='add', args=LabWork{id=1, name='3', coordinates=3;3, creationDate=2026-05-05, minimalPoint=20.0, difficulty=EASY, author: name = 3;weight = 3.0;BLACK}, objectClass=class Collection.LabWork}
2026-05-05 14:50:37.813 [main] INFO  Connecting.RequestReader - Получено: Requester{command='show', args=null, objectClass=null}
2026-05-05 14:50:46.934 [main] INFO  Connecting.RequestReader - Получено: Requester{command='show', args=null, objectClass=null}
2026-05-05 14:50:55.103 [main] ERROR Connecting.ConnectManager - Клиент отключился или ошибка null
2026-05-05 14:50:55.104 [main] INFO  Connecting.ConnectionAcceptor - Ожидание клиента...
2026-05-05 14:51:00.565 [main] INFO  Connecting.ConnectionAcceptor - Сервер запущен на порту 6789
2026-05-05 14:51:00.566 [Server-Console-Thread] INFO  tools.Consol - Серверная консоль активна. Доступные команды: save, exit
2026-05-05 14:51:00.569 [main] INFO  Connecting.ConnectionAcceptor - Ожидание клиента...
2026-05-05 14:51:02.137 [main] INFO  Connecting.ConnectionAcceptor - Подключен: /127.0.0.1
2026-05-05 14:51:03.909 [main] INFO  Connecting.RequestReader - Получено: Requester{command='show', args=null, objectClass=null}
2026-05-05 14:51:10.858 [main] ERROR Connecting.ConnectManager - Клиент отключился или ошибка null
2026-05-05 14:51:10.859 [main] INFO  Connecting.ConnectionAcceptor - Ожидание клиента...
2026-05-05 15:03:00.757 [main] INFO  Connecting.ConnectionAcceptor - Сервер запущен на порту 6789
2026-05-05 15:03:00.763 [main] INFO  Connecting.ConnectionAcceptor - Ожидание клиента...
2026-05-05 15:03:00.766 [Server-Console-Thread] INFO  tools.Consol - Серверная консоль активна. Доступные команды: save, exit
2026-05-20 23:39:07.209 [main] INFO  Connecting.ConnectionAcceptor - Сервер запущен на порту 6789
2026-05-20 23:39:07.210 [Server-Console-Thread] INFO  tools.Consol - Серверная консоль активна. Доступные команды: save, exit
2026-05-20 23:39:07.214 [main] INFO  Connecting.ConnectionAcceptor - Ожидание клиента...
2026-05-20 23:39:38.427 [Server-Console-Thread] INFO  tools.Consol - Серверная консоль активна. Доступные команды: save, exit
2026-05-20 23:39:38.424 [main] INFO  Connecting.ConnectionAcceptor - Сервер запущен на порту 6789
2026-05-20 23:39:38.429 [main] INFO  Connecting.ConnectionAcceptor - Ожидание клиента...
2026-05-20 23:42:34.967 [Server-Console-Thread] INFO  tools.Consol - Серверная консоль активна. Доступные команды: save, exit
2026-05-20 23:42:34.966 [main] INFO  Connecting.ConnectionAcceptor - Сервер запущен на порту 6789
2026-05-20 23:42:34.969 [main] INFO  Connecting.ConnectionAcceptor - Ожидание клиента...
2026-05-20 23:46:34.837 [main] INFO  Connecting.ConnectionAcceptor - Сервер запущен на порту 6789
2026-05-20 23:46:34.837 [Server-Console-Thread] INFO  tools.Consol - Серверная консоль активна. Доступные команды: save, exit
2026-05-20 23:46:34.842 [main] INFO  Connecting.ConnectionAcceptor - Ожидание клиента...
2026-05-21 02:22:58.881 [main] INFO  Connecting.ConnectionAcceptor - Сервер запущен на порту 6789
2026-05-21 02:22:58.881 [Server-Console-Thread] INFO  tools.Consol - Серверная консоль активна. Доступные команды: save, exit
2026-05-21 02:22:58.883 [main] INFO  Connecting.ConnectionAcceptor - Ожидание клиента...
2026-05-21 02:24:16.601 [main] INFO  Connecting.ConnectionAcceptor - Сервер запущен на порту 6789
2026-05-21 02:24:16.601 [Server-Console-Thread] INFO  tools.Consol - Серверная консоль активна. Доступные команды: save, exit
2026-05-21 02:24:16.603 [main] INFO  Connecting.ConnectionAcceptor - Ожидание клиента...
2026-05-21 02:24:25.249 [main] INFO  Connecting.ConnectionAcceptor - Подключен: /127.0.0.1
2026-05-21 02:24:30.119 [main] INFO  Connecting.RequestReader - Получено: Requester{command='show', args=null, objectClass=null}
2026-05-21 02:26:34.252 [Server-Console-Thread] INFO  tools.Consol - Сохранено
2026-05-21 02:26:34.254 [Server-Console-Thread] WARN  tools.CSVParser - Произошла ошибка при записи в файл 
2026-05-21 04:40:25.277 [main] INFO  Connecting.ConnectionAcceptor - Сервер запущен на порту 6789
2026-05-21 04:40:25.277 [Server-Console-Thread] INFO  tools.Consol - Серверная консоль активна. Доступные команды: save, exit
2026-05-21 04:40:25.278 [main] INFO  Connecting.ConnectionAcceptor - Ожидание клиента...
2026-05-21 04:40:26.237 [main] INFO  Connecting.ConnectionAcceptor - Подключен: /127.0.0.1
2026-05-21 04:40:30.246 [main] INFO  Connecting.RequestReader - Получено: Requester{command='show', args=null, objectClass=null}
2026-05-21 04:40:43.215 [main] INFO  Connecting.RequestReader - Получено: Requester{command='add', args=LabWork{id=1, name='5', coordinates=5;5, creationDate=2026-05-21, minimalPoint=5.0, difficulty=NORMAL, author: name = 5;weight = 5.0;RED}, objectClass=class Collection.LabWork}
2026-05-21 04:41:01.736 [main] INFO  Connecting.RequestReader - Получено: Requester{command='show', args=null, objectClass=null}
2026-05-21 04:45:56.673 [Server-Console-Thread] INFO  tools.Consol - Серверная консоль активна. Доступные команды: save, exit
2026-05-21 04:45:56.673 [main] INFO  Connecting.ConnectionAcceptor - Сервер запущен на порту 6789
2026-05-21 04:45:56.674 [main] INFO  Connecting.ConnectionAcceptor - Ожидание клиента...
2026-05-21 04:45:57.092 [main] INFO  Connecting.ConnectionAcceptor - Подключен: /127.0.0.1
2026-05-21 04:45:59.003 [main] INFO  Connecting.RequestReader - Получено: Requester{command='show', args=null, objectClass=null}
2026-05-21 04:46:09.139 [main] INFO  Connecting.RequestReader - Получено: Requester{command='add', args=LabWork{id=1, name='5', coordinates=5;5, creationDate=2026-05-21, minimalPoint=5.0, difficulty=NORMAL, author: name = 5;weight = 5.0;RED}, objectClass=class Collection.LabWork}
2026-05-21 04:46:13.964 [main] INFO  Connecting.RequestReader - Получено: Requester{command='show', args=null, objectClass=null}
2026-05-21 04:49:45.351 [main] INFO  Connecting.ConnectionAcceptor - Сервер запущен на порту 6789
2026-05-21 04:49:45.351 [Server-Console-Thread] INFO  tools.Consol - Серверная консоль активна. Доступные команды: save, exit
2026-05-21 04:49:45.352 [main] INFO  Connecting.ConnectionAcceptor - Ожидание клиента...
2026-05-21 04:49:46.271 [main] INFO  Connecting.ConnectionAcceptor - Подключен: /127.0.0.1
2026-05-21 04:49:49.802 [main] INFO  Connecting.RequestReader - Получено: Requester{command='show', args=null, objectClass=null}
2026-05-21 04:49:57.985 [main] INFO  Connecting.RequestReader - Получено: Requester{command='add', args=LabWork{id=1, name='5', coordinates=5;5, creationDate=2026-05-21, minimalPoint=5.0, difficulty=EASY, author: name = 5;weight = 5.0;RED}, objectClass=class Collection.LabWork}
2026-05-21 04:50:00.649 [main] INFO  Connecting.RequestReader - Получено: Requester{command='show', args=null, objectClass=null}
2026-05-21 05:04:45.581 [Server-Console-Thread] INFO  tools.Consol - Серверная консоль активна. Доступные команды: save, exit
2026-05-21 05:04:45.581 [main] INFO  Connecting.ConnectionAcceptor - Сервер запущен на порту 6789
2026-05-21 05:04:45.583 [main] INFO  Connecting.ConnectionAcceptor - Ожидание клиента...
2026-05-21 05:04:46.814 [main] INFO  Connecting.ConnectionAcceptor - Подключен: /127.0.0.1
2026-05-21 05:04:48.939 [main] INFO  Connecting.RequestReader - Получено: Requester{command='show', args=null, objectClass=null}
2026-05-21 05:05:03.797 [main] INFO  Connecting.RequestReader - Получено: Requester{command='add', args=LabWork{id=1, name='4', coordinates=4;4, creationDate=2026-05-21, minimalPoint=4.0, difficulty=NORMAL, author: name = 4;weight = 4.0;BLACK}, objectClass=class Collection.LabWork}
2026-05-21 05:05:05.412 [main] INFO  Connecting.RequestReader - Получено: Requester{command='show', args=null, objectClass=null}
2026-05-21 05:05:40.294 [main] INFO  Connecting.RequestReader - Получено: Requester{command='remove', args=1, objectClass=class java.lang.Integer}
2026-05-21 05:05:42.747 [main] INFO  Connecting.RequestReader - Получено: Requester{command='show', args=null, objectClass=null}
2026-05-21 05:07:21.433 [main] INFO  Connecting.RequestReader - Получено: Requester{command='show', args=null, objectClass=null}
2026-05-21 05:07:28.823 [main] ERROR Connecting.ConnectManager - Клиент отключился или ошибка null
2026-05-21 05:07:28.824 [main] INFO  Connecting.ConnectionAcceptor - Ожидание клиента...
2026-05-21 05:07:31.950 [main] INFO  Connecting.ConnectionAcceptor - Сервер запущен на порту 6789
2026-05-21 05:07:31.950 [Server-Console-Thread] INFO  tools.Consol - Серверная консоль активна. Доступные команды: save, exit
2026-05-21 05:07:31.952 [main] INFO  Connecting.ConnectionAcceptor - Ожидание клиента...
2026-05-21 05:07:32.959 [main] INFO  Connecting.ConnectionAcceptor - Подключен: /127.0.0.1
2026-05-21 05:07:34.665 [main] INFO  Connecting.RequestReader - Получено: Requester{command='show', args=null, objectClass=null}
2026-05-21 05:07:52.028 [main] INFO  Connecting.RequestReader - Получено: Requester{command='add', args=LabWork{id=1, name='6', coordinates=6;6, creationDate=2026-05-21, minimalPoint=6.0, difficulty=EASY, author: name = 6;weight = 6.0;RED}, objectClass=class Collection.LabWork}
2026-05-21 05:08:03.501 [main] INFO  Connecting.RequestReader - Получено: Requester{command='show', args=null, objectClass=null}
2026-05-21 05:08:22.878 [main] INFO  Connecting.RequestReader - Получено: Requester{command='remove', args=5, objectClass=class java.lang.Integer}
2026-05-21 05:08:45.573 [main] INFO  Connecting.RequestReader - Получено: Requester{command='remove', args=5, objectClass=class java.lang.Integer}
2026-05-21 05:09:04.178 [main] INFO  Connecting.RequestReader - Получено: Requester{command='remove', args=1, objectClass=class java.lang.Integer}
2026-05-21 05:09:08.629 [main] INFO  Connecting.RequestReader - Получено: Requester{command='show', args=null, objectClass=null}
2026-05-21 05:10:56.448 [main] INFO  Connecting.ConnectionAcceptor - Сервер запущен на порту 6789
2026-05-21 05:10:56.448 [Server-Console-Thread] INFO  tools.Consol - Серверная консоль активна. Доступные команды: save, exit
2026-05-21 05:10:56.449 [main] INFO  Connecting.ConnectionAcceptor - Ожидание клиента...
2026-05-21 05:10:59.266 [main] INFO  Connecting.ConnectionAcceptor - Подключен: /127.0.0.1
2026-05-21 05:11:07.412 [main] INFO  Connecting.RequestReader - Получено: Requester{command='show', args=null, objectClass=null}
2026-05-21 05:11:19.284 [main] INFO  Connecting.RequestReader - Получено: Requester{command='add', args=LabWork{id=1, name='3', coordinates=3;3, creationDate=2026-05-21, minimalPoint=3.0, difficulty=NORMAL, author: name = 3;weight = 3.0;BLACK}, objectClass=class Collection.LabWork}
2026-05-21 05:11:20.821 [main] INFO  Connecting.RequestReader - Получено: Requester{command='show', args=null, objectClass=null}
2026-05-21 05:11:44.350 [main] INFO  Connecting.RequestReader - Получено: Requester{command='add', args=LabWork{id=1, name='9', coordinates=9;9, creationDate=2026-05-21, minimalPoint=9.0, difficulty=NORMAL, author: name = 9;weight = 9.0;BLACK}, objectClass=class Collection.LabWork}
2026-05-21 05:11:45.724 [main] INFO  Connecting.RequestReader - Получено: Requester{command='show', args=null, objectClass=null}
2026-05-21 05:11:51.789 [main] INFO  Connecting.RequestReader - Получено: Requester{command='remove', args=1, objectClass=class java.lang.Integer}
2026-05-21 05:12:57.911 [main] INFO  Connecting.ConnectionAcceptor - Сервер запущен на порту 6789
2026-05-21 05:12:57.911 [Server-Console-Thread] INFO  tools.Consol - Серверная консоль активна. Доступные команды: save, exit
2026-05-21 05:12:57.913 [main] INFO  Connecting.ConnectionAcceptor - Ожидание клиента...
2026-05-21 05:12:58.850 [main] INFO  Connecting.ConnectionAcceptor - Подключен: /127.0.0.1
2026-05-21 05:13:02.512 [main] INFO  Connecting.RequestReader - Получено: Requester{command='show', args=null, objectClass=null}
2026-05-21 05:13:05.988 [main] INFO  Connecting.RequestReader - Получено: Requester{command='remove', args=11, objectClass=class java.lang.Integer}
2026-05-21 05:23:33.844 [main] INFO  Connecting.ConnectionAcceptor - Сервер запущен на порту 6789
2026-05-21 05:23:33.844 [Server-Console-Thread] INFO  tools.Consol - Серверная консоль активна. Доступные команды: save, exit
2026-05-21 05:23:33.846 [main] INFO  Connecting.ConnectionAcceptor - Ожидание клиента...
2026-05-21 05:23:34.999 [main] INFO  Connecting.ConnectionAcceptor - Подключен: /127.0.0.1
2026-05-21 05:23:36.527 [main] INFO  Connecting.RequestReader - Получено: Requester{command='show', args=null, objectClass=null}
2026-05-21 05:23:40.413 [main] INFO  Connecting.RequestReader - Получено: Requester{command='remove', args=9, objectClass=class java.lang.Integer}
2026-05-21 05:23:49.560 [main] INFO  Connecting.RequestReader - Получено: Requester{command='remove', args=7, objectClass=class java.lang.Integer}
2026-05-21 05:23:56.337 [main] INFO  Connecting.RequestReader - Получено: Requester{command='remove', args=6, objectClass=class java.lang.Integer}
2026-05-21 05:24:00.256 [main] INFO  Connecting.RequestReader - Получено: Requester{command='remove', args=5, objectClass=class java.lang.Integer}
2026-05-21 05:24:05.156 [main] INFO  Connecting.RequestReader - Получено: Requester{command='remove', args=4, objectClass=class java.lang.Integer}
2026-05-21 05:24:24.741 [main] INFO  Connecting.RequestReader - Получено: Requester{command='remove', args=5, objectClass=class java.lang.Integer}
